BL51 BANKED LINKER/LOCATER V6.02                                                        03/11/2010  12:19:51  PAGE 1


BL51 BANKED LINKER/LOCATER V6.02, INVOKED BY:
C:\KEIL\C51\BIN\BL51.EXE .\exe\main.obj, .\exe\test_ram.obj, .\exe\adc.obj, .\exe\pio.obj, .\exe\uart8251.obj TO .\exe\t
>> est PRINT (.\lst\test.m51) NOLINES CODE (0X0000-0X4FFE) XDATA (0X0000-0X1FFE)


MEMORY MODEL: SMALL WITH FLOATING POINT ARITHMETIC


INPUT MODULES INCLUDED:
  .\exe\main.obj (MAIN)
  .\exe\test_ram.obj (TEST_RAM)
  .\exe\adc.obj (ADC)
  .\exe\pio.obj (PIO)
  .\exe\uart8251.obj (UART8251)
  C:\KEIL\C51\LIB\C51FPS.LIB (?C?FPMUL)
  C:\KEIL\C51\LIB\C51FPS.LIB (?C?FCAST)
  C:\KEIL\C51\LIB\C51FPS.LIB (PRINTF)
  C:\KEIL\C51\LIB\C51FPS.LIB (?C?FPGETOPN)
  C:\KEIL\C51\LIB\C51FPS.LIB (?C?FPROUND)
  C:\KEIL\C51\LIB\C51FPS.LIB (?C?FPCONVERT)
  C:\KEIL\C51\LIB\C51FPS.LIB (?C?FPADD)
  C:\KEIL\C51\LIB\C51FPS.LIB (?C?FPDIV)
  C:\KEIL\C51\LIB\C51FPS.LIB (?C?FTNPWR)
  C:\KEIL\C51\LIB\C51S.LIB (?C_STARTUP)
  C:\KEIL\C51\LIB\C51S.LIB (?C?CLDPTR)
  C:\KEIL\C51\LIB\C51S.LIB (?C?CLDOPTR)
  C:\KEIL\C51\LIB\C51S.LIB (?C?CSTPTR)
  C:\KEIL\C51\LIB\C51S.LIB (?C?UIDIV)
  C:\KEIL\C51\LIB\C51S.LIB (?C?LNEG)
  C:\KEIL\C51\LIB\C51S.LIB (?C?PLDIIDATA)
  C:\KEIL\C51\LIB\C51S.LIB (?C?CCASE)
  C:\KEIL\C51\LIB\C51S.LIB (PUTCHAR)
  C:\KEIL\C51\LIB\C51S.LIB (_GETKEY)
  C:\KEIL\C51\LIB\C51S.LIB (GETCHAR)
  C:\KEIL\C51\LIB\C51S.LIB (TOUPPER)
  C:\KEIL\C51\LIB\C51S.LIB (ABS)
  C:\KEIL\C51\LIB\C51S.LIB (?C?STRCPY)
  C:\KEIL\C51\LIB\C51S.LIB (?C_INIT)


LINK MAP OF MODULE:  .\exe\test (MAIN)


            TYPE    BASE      LENGTH    RELOCATION   SEGMENT NAME
            -----------------------------------------------------

            * * * * * * *   D A T A   M E M O R Y   * * * * * * *
            REG     0000H     0008H     ABSOLUTE     "REG BANK 0"
            DATA    0008H     0006H     UNIT         ?DT?MAIN
            DATA    000EH     0006H     UNIT         ?DT?PIO
            DATA    0014H     0005H     UNIT         ?DT?TEST_RAM
            DATA    0019H     0005H     UNIT         ?DT?UART8251
            DATA    001EH     0001H     UNIT         ?DT?GETCHAR
                    001FH     0001H                  *** GAP ***
            BIT     0020H.0   0001H.1   UNIT         _BIT_GROUP_
            BIT     0021H.1   0000H.1   UNIT         ?BI?GETCHAR
                    0021H.2   0000H.6                *** GAP ***
            DATA    0022H     0024H     UNIT         ?DT?ADC
BL51 BANKED LINKER/LOCATER V6.02                                                      03/11/2010  12:19:51  PAGE 2


            DATA    0046H     0021H     UNIT         _DATA_GROUP_
            IDATA   0067H     0002H     UNIT         ?ID?MAIN
            IDATA   0069H     0001H     UNIT         ?STACK

            * * * * * * *  X D A T A   M E M O R Y  * * * * * * *
            XDATA   0000H     0202H     UNIT         ?XD?UART8251
            XDATA   0202H     0014H     UNIT         ?XD?PIO
            XDATA   0216H     0010H     UNIT         ?XD?ADC
                    0226H     1DDAH                  *** GAP ***
            XDATA   2000H     0004H     ABSOLUTE     
                    2004H     1FFCH                  *** GAP ***
            XDATA   4000H     0004H     ABSOLUTE     
                    4004H     1FFCH                  *** GAP ***
            XDATA   6000H     0002H     ABSOLUTE     
                    6002H     1FFEH                  *** GAP ***
            XDATA   8000H     0002H     ABSOLUTE     
                    8002H     3FFEH                  *** GAP ***
            XDATA   C000H     0001H     ABSOLUTE     
                    C001H     1FFFH                  *** GAP ***
            XDATA   E000H     0001H     ABSOLUTE     

            * * * * * * *   C O D E   M E M O R Y   * * * * * * *
            CODE    0000H     0003H     ABSOLUTE     
            CODE    0003H     0003H     ABSOLUTE     
                    0006H     0005H                  *** GAP ***
            CODE    000BH     0003H     ABSOLUTE     
                    000EH     0005H                  *** GAP ***
            CODE    0013H     0003H     ABSOLUTE     
            CODE    0016H     0932H     UNIT         ?CO?PIO
            CODE    0948H     06A2H     UNIT         ?C?LIB_CODE
            CODE    0FEAH     060AH     UNIT         ?PR?TEST_ADC?ADC
            CODE    15F4H     046FH     UNIT         ?PR?PRINTF?PRINTF
            CODE    1A63H     02CAH     UNIT         ?CO?ADC
            CODE    1D2DH     028DH     UNIT         ?PR?TEST_RAM?TEST_RAM
            CODE    1FBAH     026FH     UNIT         ?PR?TEST_UARTU27_TRASMETTI?UART8251
            CODE    2229H     023CH     UNIT         ?PR?TEST_U26_PB?PIO
            CODE    2465H     01EFH     UNIT         ?PR?TEST_U29_PA?PIO
            CODE    2654H     01D3H     UNIT         ?CO?MAIN
            CODE    2827H     0185H     UNIT         ?PR?_TEST_ADC_CANALE?ADC
            CODE    29ACH     014BH     UNIT         ?CO?TEST_RAM
            CODE    2AF7H     0130H     UNIT         ?PR?TEST_PIO?PIO
            CODE    2C27H     0127H     UNIT         ?PR?TEST_U38?PIO
            CODE    2D4EH     0127H     UNIT         ?PR?TEST_UARTU27_RX_TX?UART8251
            CODE    2E75H     0126H     UNIT         ?PR?TEST_PIO_MENU?PIO
            CODE    2F9BH     0121H     UNIT         ?CO?UART8251
            CODE    30BCH     00C1H     UNIT         ?PR?MENU?MAIN
            CODE    317DH     00A3H     UNIT         ?PR?TEST_U15?PIO
            CODE    3220H     0097H     UNIT         ?PR?TEST_SW1?PIO
            CODE    32B7H     008CH     UNIT         ?C_C51STARTUP
            CODE    3343H     0081H     UNIT         ?PR?TEST_UARTU30?UART8251
            CODE    33C4H     0077H     UNIT         ?PR?MENU_SCHEDA?MAIN
            CODE    343BH     0062H     UNIT         ?PR?MAIN?MAIN
            CODE    349DH     0062H     UNIT         ?PR?TEST_UARTU27_RICEVI?UART8251
            CODE    34FFH     0056H     UNIT         ?PR?TEST_U26_PC?PIO
            CODE    3555H     0055H     UNIT         ?PR?UARTU27_INIT?UART8251
            CODE    35AAH     0049H     UNIT         ?PR?TEST_LED_OFF?PIO
            CODE    35F3H     003CH     UNIT         ?PR?TEST_LED_ON?PIO
BL51 BANKED LINKER/LOCATER V6.02                                                      03/11/2010  12:19:51  PAGE 3


            CODE    362FH     0038H     UNIT         ?C_INITSEG
            CODE    3667H     0035H     UNIT         ?PR?RX_RDY_U30_ISR?UART8251
            CODE    369CH     0030H     UNIT         ?PR?RX_RDY_U27_ISR?UART8251
            CODE    36CCH     002BH     UNIT         ?PR?TIMER0_ISR?MAIN
            CODE    36F7H     0027H     UNIT         ?PR?INIT?MAIN
            CODE    371EH     0027H     UNIT         ?PR?PUTCHAR?PUTCHAR
            CODE    3745H     0022H     UNIT         ?PR?UARTU30_INIT?UART8251
            CODE    3767H     0021H     UNIT         ?PR?PIO_RESET?PIO
            CODE    3788H     0020H     UNIT         ?PR?INS_STATO_LED?PIO
            CODE    37A8H     001FH     UNIT         ?PR?PIO_CONF?PIO
            CODE    37C7H     0017H     UNIT         ?PR?UART_RESET?UART8251
            CODE    37DEH     0011H     UNIT         ?PR?GETCHAR?GETCHAR
            CODE    37EFH     0011H     UNIT         ?PR?_TOUPPER?TOUPPER
            CODE    3800H     000CH     UNIT         ?PR?_ABS?ABS
            CODE    380CH     000AH     UNIT         ?PR?_GETKEY?_GETKEY
            CODE    3816H     0008H     UNIT         ?PR?GET_TIMER0?MAIN



OVERLAY MAP OF MODULE:   .\exe\test (MAIN)


SEGMENT                                        BIT_GROUP          DATA_GROUP 
  +--> CALLED SEGMENT                       START    LENGTH     START    LENGTH
-------------------------------------------------------------------------------
?C_C51STARTUP                               -----    -----      -----    -----
  +--> ?PR?MAIN?MAIN
  +--> ?C_INITSEG

?PR?MAIN?MAIN                               -----    -----      -----    -----
  +--> ?PR?INIT?MAIN
  +--> ?CO?MAIN
  +--> ?PR?PRINTF?PRINTF
  +--> ?PR?MENU_SCHEDA?MAIN
  +--> ?PR?MENU?MAIN
  +--> ?PR?TEST_RAM?TEST_RAM
  +--> ?PR?TEST_ADC?ADC
  +--> ?PR?TEST_PIO_MENU?PIO
  +--> ?PR?TEST_UARTU27_RICEVI?UART8251
  +--> ?PR?TEST_UARTU27_TRASMETTI?UART8251
  +--> ?PR?TEST_UARTU30?UART8251

?PR?PRINTF?PRINTF                           0020H.0  0001H.1    004BH    001CH
  +--> ?PR?PUTCHAR?PUTCHAR

?PR?MENU_SCHEDA?MAIN                        -----    -----      0046H    0001H
  +--> ?CO?MAIN
  +--> ?PR?PRINTF?PRINTF
  +--> ?PR?_GETKEY?_GETKEY

?PR?MENU?MAIN                               -----    -----      0046H    0001H
  +--> ?CO?MAIN
  +--> ?PR?PRINTF?PRINTF
  +--> ?PR?_GETKEY?_GETKEY

?PR?TEST_RAM?TEST_RAM                       -----    -----      0046H    0005H
  +--> ?CO?TEST_RAM
BL51 BANKED LINKER/LOCATER V6.02                                                      03/11/2010  12:19:51  PAGE 4


  +--> ?PR?PRINTF?PRINTF
  +--> ?PR?GETCHAR?GETCHAR

?PR?GETCHAR?GETCHAR                         -----    -----      -----    -----
  +--> ?PR?_GETKEY?_GETKEY
  +--> ?PR?PUTCHAR?PUTCHAR

?PR?TEST_ADC?ADC                            -----    -----      0046H    0002H
  +--> ?CO?ADC
  +--> ?PR?PRINTF?PRINTF
  +--> ?PR?GETCHAR?GETCHAR
  +--> ?PR?_TEST_ADC_CANALE?ADC
  +--> ?PR?_ABS?ABS

?PR?_TEST_ADC_CANALE?ADC                    -----    -----      0048H    0003H
  +--> ?CO?ADC
  +--> ?PR?PRINTF?PRINTF
  +--> ?PR?_ABS?ABS

?PR?TEST_PIO_MENU?PIO                       -----    -----      0046H    0001H
  +--> ?CO?PIO
  +--> ?PR?PRINTF?PRINTF
  +--> ?PR?_GETKEY?_GETKEY
  +--> ?PR?PIO_RESET?PIO
  +--> ?PR?PIO_CONF?PIO
  +--> ?PR?TEST_PIO?PIO
  +--> ?PR?TEST_SW1?PIO
  +--> ?PR?TEST_U15?PIO
  +--> ?PR?TEST_U26_PB?PIO
  +--> ?PR?TEST_U26_PC?PIO
  +--> ?PR?TEST_U29_PA?PIO
  +--> ?PR?TEST_U38?PIO

?PR?PIO_RESET?PIO                           -----    -----      -----    -----
  +--> ?CO?PIO
  +--> ?PR?PRINTF?PRINTF

?PR?PIO_CONF?PIO                            -----    -----      -----    -----
  +--> ?CO?PIO
  +--> ?PR?PRINTF?PRINTF

?PR?TEST_PIO?PIO                            -----    -----      -----    -----
  +--> ?CO?PIO
  +--> ?PR?PRINTF?PRINTF
  +--> ?PR?PIO_RESET?PIO
  +--> ?PR?PIO_CONF?PIO
  +--> ?PR?TEST_LED_ON?PIO
  +--> ?PR?TEST_LED_OFF?PIO
  +--> ?PR?TEST_U26_PC?PIO
  +--> ?PR?TEST_U26_PB?PIO
  +--> ?PR?TEST_U29_PA?PIO
  +--> ?PR?TEST_U38?PIO
  +--> ?PR?TEST_U15?PIO
  +--> ?PR?GETCHAR?GETCHAR

?PR?TEST_LED_ON?PIO                         -----    -----      -----    -----
  +--> ?CO?PIO
BL51 BANKED LINKER/LOCATER V6.02                                                      03/11/2010  12:19:51  PAGE 5


  +--> ?PR?PRINTF?PRINTF
  +--> ?PR?INS_STATO_LED?PIO

?PR?INS_STATO_LED?PIO                       -----    -----      -----    -----
  +--> ?CO?PIO
  +--> ?PR?PRINTF?PRINTF
  +--> ?PR?GETCHAR?GETCHAR
  +--> ?PR?_TOUPPER?TOUPPER

?PR?TEST_LED_OFF?PIO                        -----    -----      -----    -----
  +--> ?CO?PIO
  +--> ?PR?PRINTF?PRINTF
  +--> ?PR?INS_STATO_LED?PIO

?PR?TEST_U26_PC?PIO                         -----    -----      0047H    0001H
  +--> ?CO?PIO
  +--> ?PR?PRINTF?PRINTF
  +--> ?PR?INS_STATO_LED?PIO

?PR?TEST_U26_PB?PIO                         -----    -----      -----    -----
  +--> ?CO?PIO
  +--> ?PR?PRINTF?PRINTF
  +--> ?PR?GETCHAR?GETCHAR
  +--> ?PR?INS_STATO_LED?PIO

?PR?TEST_U29_PA?PIO                         -----    -----      -----    -----
  +--> ?CO?PIO
  +--> ?PR?PRINTF?PRINTF
  +--> ?PR?GETCHAR?GETCHAR
  +--> ?PR?INS_STATO_LED?PIO
  +--> ?PR?TEST_SW1?PIO

?PR?TEST_SW1?PIO                            -----    -----      -----    -----
  +--> ?CO?PIO
  +--> ?PR?PRINTF?PRINTF
  +--> ?PR?GETCHAR?GETCHAR

?PR?TEST_U38?PIO                            -----    -----      -----    -----
  +--> ?CO?PIO
  +--> ?PR?PRINTF?PRINTF
  +--> ?PR?GETCHAR?GETCHAR

?PR?TEST_U15?PIO                            -----    -----      -----    -----
  +--> ?CO?PIO
  +--> ?PR?PRINTF?PRINTF
  +--> ?PR?INS_STATO_LED?PIO

?PR?TEST_UARTU27_RICEVI?UART8251            -----    -----      -----    -----
  +--> ?PR?UARTU27_INIT?UART8251
  +--> ?CO?UART8251
  +--> ?PR?PRINTF?PRINTF

?PR?UARTU27_INIT?UART8251                   -----    -----      -----    -----
  +--> ?PR?UART_RESET?UART8251
  +--> ?CO?UART8251
  +--> ?PR?PRINTF?PRINTF

BL51 BANKED LINKER/LOCATER V6.02                                                      03/11/2010  12:19:51  PAGE 6


?PR?UART_RESET?UART8251                     -----    -----      -----    -----
  +--> ?CO?UART8251
  +--> ?PR?PRINTF?PRINTF

?PR?TEST_UARTU27_TRASMETTI?UART8251         -----    -----      -----    -----
  +--> ?PR?UARTU27_INIT?UART8251
  +--> ?CO?UART8251
  +--> ?PR?PRINTF?PRINTF

?PR?TEST_UARTU30?UART8251                   -----    -----      0046H    0002H
  +--> ?CO?UART8251
  +--> ?PR?PRINTF?PRINTF
  +--> ?PR?UARTU30_INIT?UART8251
  +--> ?PR?GETCHAR?GETCHAR
  +--> ?PR?_TOUPPER?TOUPPER

?PR?UARTU30_INIT?UART8251                   -----    -----      -----    -----
  +--> ?PR?UART_RESET?UART8251
  +--> ?CO?UART8251
  +--> ?PR?PRINTF?PRINTF



SYMBOL TABLE OF MODULE:  .\exe\test (MAIN)

  VALUE           TYPE          NAME
  ----------------------------------

  -------         MODULE        ?C?FPMUL
  C:0948H         PUBLIC        ?C?FPMUL
  -------         ENDMOD        ?C?FPMUL

  -------         MODULE        ?C?FCAST
  C:0A58H         PUBLIC        ?C?FCASTC
  C:0A53H         PUBLIC        ?C?FCASTI
  C:0A4EH         PUBLIC        ?C?FCASTL
  -------         ENDMOD        ?C?FCAST

  -------         MODULE        PRINTF
  D:004BH         PUBLIC        ?_PRINTF?BYTE
  D:004BH         PUBLIC        ?_SPRINTF?BYTE
  C:1656H         PUBLIC        _PRINTF
  C:1650H         PUBLIC        _SPRINTF
  -------         ENDMOD        PRINTF

  -------         MODULE        ?C?FPROUND
  C:0AD6H         PUBLIC        ?C?FPROUND
  -------         ENDMOD        ?C?FPROUND

  -------         MODULE        ?C?FPCONVERT
  C:0B05H         PUBLIC        ?C?FPCONVERT
  -------         ENDMOD        ?C?FPCONVERT

  -------         MODULE        ?C?FPADD
  C:0C0FH         PUBLIC        ?C?FPADD
  C:0C0BH         PUBLIC        ?C?FPSUB
  -------         ENDMOD        ?C?FPADD
BL51 BANKED LINKER/LOCATER V6.02                                                      03/11/2010  12:19:51  PAGE 7



  -------         MODULE        ?C?FPDIV
  C:0D03H         PUBLIC        ?C?FPDIV
  -------         ENDMOD        ?C?FPDIV

  -------         MODULE        ?C?FTNPWR
  C:0DD0H         PUBLIC        ?C?FTNPWR
  -------         ENDMOD        ?C?FTNPWR

  -------         MODULE        ?C?CLDPTR
  C:0E10H         PUBLIC        ?C?CLDPTR
  -------         ENDMOD        ?C?CLDPTR

  -------         MODULE        ?C?CLDOPTR
  C:0E29H         PUBLIC        ?C?CLDOPTR
  -------         ENDMOD        ?C?CLDOPTR

  -------         MODULE        ?C?CSTPTR
  C:0E56H         PUBLIC        ?C?CSTPTR
  -------         ENDMOD        ?C?CSTPTR

  -------         MODULE        ?C?UIDIV
  C:0E68H         PUBLIC        ?C?UIDIV
  -------         ENDMOD        ?C?UIDIV

  -------         MODULE        ?C?LNEG
  C:0EBDH         PUBLIC        ?C?LNEG
  -------         ENDMOD        ?C?LNEG

  -------         MODULE        ?C?PLDIIDATA
  C:0ECBH         PUBLIC        ?C?PLDIIDATA
  -------         ENDMOD        ?C?PLDIIDATA

  -------         MODULE        ?C?CCASE
  C:0EDBH         PUBLIC        ?C?CCASE
  -------         ENDMOD        ?C?CCASE

  -------         MODULE        PUTCHAR
  C:371EH         PUBLIC        _PUTCHAR
  -------         ENDMOD        PUTCHAR

  -------         MODULE        _GETKEY
  C:380CH         PUBLIC        _GETKEY
  -------         ENDMOD        _GETKEY

  -------         MODULE        GETCHAR
  B:0021H.1       PUBLIC        ?C?CHARLOADED
  D:001EH         PUBLIC        ?_UNGETCHAR?BYTE
  C:37DEH         PUBLIC        GETCHAR
  -------         ENDMOD        GETCHAR

  -------         MODULE        TOUPPER
  C:37EFH         PUBLIC        _toupper
  -------         ENDMOD        TOUPPER

  -------         MODULE        ABS
  C:3800H         PUBLIC        _ABS
BL51 BANKED LINKER/LOCATER V6.02                                                      03/11/2010  12:19:51  PAGE 8


  -------         ENDMOD        ABS

  -------         MODULE        ?C?STRCPY
  C:0FCDH         PUBLIC        ?C?STRCPY
  -------         ENDMOD        ?C?STRCPY

*** WARNING L16: UNCALLED SEGMENT, IGNORED FOR OVERLAY PROCESS
    SEGMENT: ?PR?GET_TIMER0?MAIN

*** WARNING L16: UNCALLED SEGMENT, IGNORED FOR OVERLAY PROCESS
    SEGMENT: ?PR?TEST_UARTU27_RX_TX?UART8251

Program Size: data=104.2 xdata=564 code=14356
LINK/LOCATE RUN COMPLETE.  2 WARNING(S),  0 ERROR(S)
